
[1m[46m RUN [49m[22m [36mv3.2.4 [39m[90mC:/Users/Owner/Desktop/CivicIQ/civiciq[39m

 [31mΓ¥»[39m src/tests/integration/userJourney.test.tsx [2m([22m[2m10 tests[22m[2m | [22m[31m10 failed[39m[2m)[22m[33m 350[2mms[22m[39m
[31m   [31m├ù[31m User Journey Integration[2m > [22mFlow: Landing -> Timeline[39m[32m 104[2mms[22m[39m
[31m     ΓåÆ [vitest] No "onAuthStateChanged" export is defined on the "../../../src/lib/firebase" mock. Did you forget to return it from "vi.mock"?
If you need to partially mock a module, you can use "importOriginal" helper inside:
[39m
[31m   [31m├ù[31m User Journey Integration[2m > [22mFlow: Timeline -> Ask Question[39m[32m 53[2mms[22m[39m
[31m     ΓåÆ [39m
[31m   [31m├ù[31m User Journey Integration[2m > [22mFlow: Ask Question -> Close Chat[39m[32m 29[2mms[22m[39m
[31m     ΓåÆ [39m
[31m   [31m├ù[31m User Journey Integration[2m > [22mFlow: Landing -> Checklist[39m[32m 38[2mms[22m[39m
[31m     ΓåÆ [vitest] No "onAuthStateChanged" export is defined on the "../../../src/lib/firebase" mock. Did you forget to return it from "vi.mock"?
If you need to partially mock a module, you can use "importOriginal" helper inside:
[39m
[31m   [31m├ù[31m User Journey Integration[2m > [22mFlow: Checklist -> Check Item -> Verify Progress[39m[32m 16[2mms[22m[39m
[31m     ΓåÆ [39m
[31m   [31m├ù[31m User Journey Integration[2m > [22mGlobal Chat Toggle from Navbar[39m[32m 27[2mms[22m[39m
[31m     ΓåÆ [vitest] No "onAuthStateChanged" export is defined on the "../../../src/lib/firebase" mock. Did you forget to return it from "vi.mock"?
If you need to partially mock a module, you can use "importOriginal" helper inside:
[39m
[31m   [31m├ù[31m User Journey Integration[2m > [22mRouting handles 404 gracefully or routes correctly[39m[32m 15[2mms[22m[39m
[31m     ΓåÆ Unable to find an element by: [data-testid="navbar"]

Ignored nodes: comments, script, style
[36m<body>[31m
  [36m<div>[31m
    [36m<div[31m
      [33mclass[31m=[32m"p-20 text-center text-3xl"[31m
    [36m>[31m
      [0m404 - Not Found[0m
    [36m</div>[31m
  [36m</div>[31m
[36m</body>[31m[39m
[31m   [31m├ù[31m User Journey Integration[2m > [22mURL param ?phase= opens correct phase in Timeline[39m[32m 18[2mms[22m[39m
[31m     ΓåÆ [39m
[31m   [31m├ù[31m User Journey Integration[2m > [22mApp initializes with proper accessibility defaults[39m[32m 29[2mms[22m[39m
[31m     ΓåÆ [vitest] No "onAuthStateChanged" export is defined on the "../../../src/lib/firebase" mock. Did you forget to return it from "vi.mock"?
If you need to partially mock a module, you can use "importOriginal" helper inside:
[39m
[31m   [31m├ù[31m User Journey Integration[2m > [22mNavbar navigation works correctly across all main links[39m[32m 20[2mms[22m[39m
[31m     ΓåÆ [vitest] No "onAuthStateChanged" export is defined on the "../../../src/lib/firebase" mock. Did you forget to return it from "vi.mock"?
If you need to partially mock a module, you can use "importOriginal" helper inside:
[39m

[2m Test Files [22m [1m[31m1 failed[39m[22m[90m (1)[39m
[2m      Tests [22m [1m[31m10 failed[39m[22m[90m (10)[39m
[2m   Start at [22m 03:06:20
[2m   Duration [22m 4.84s[2m (transform 476ms, setup 312ms, collect 1.75s, tests 350ms, environment 1.41s, prepare 364ms)[22m

